▲ Next.js 16.3.5 (webpack)
✓ Running next.config took 5ms

  Creating an optimized production build ...
✓ Compiled successfully in 2.7s
  Running TypeScript ...
  Finished TypeScript in 784ms ...
  Collecting page data using 3 workers ...
  Generating static pages using 3 workers (0/4) ...
  Generating static pages using 3 workers (1/4) 
  Generating static pages using 3 workers (2/4) 
  Generating static pages using 3 workers (3/4) 
✓ Generating static pages using 3 workers (4/4) in 118ms
  Finalizing page optimization ...
  Collecting build traces ...

Route (app)
┌ ○ /
├ ○ /_not-found
└ ƒ /api/workflow


○  (Static)   prerendered as static content
ƒ  (Dynamic)  server-rendered on demand

