$ docker logs nova3d-qualification-recovery-20260914-115302
stdout:
The files belonging to this database system will be owned by user "postgres".
This user must also own the server process.

The database cluster will be initialized with locale "en_US.utf8".
The default database encoding has accordingly been set to "UTF8".
The default text search configuration will be set to "english".

Data page checksums are disabled.

fixing permissions on existing directory /var/lib/postgresql/data ... ok
creating subdirectories ... ok
selecting dynamic shared memory implementation ... posix
selecting default max_connections ... 100
selecting default shared_buffers ... 128MB
selecting default time zone ... UTC
creating configuration files ... ok
running bootstrap script ... ok
performing post-bootstrap initialization ... ok
syncing data to disk ... ok


Success. You can now start the database server using:

    pg_ctl -D /var/lib/postgresql/data -l logfile start

waiting for server to start....2026-09-14 15:15:38.050 UTC [47] LOG:  starting PostgreSQL 16.15 on x86_64-pc-linux-musl, compiled by gcc (Alpine 15.2.0) 15.2.0, 64-bit
2026-09-14 15:15:38.052 UTC [47] LOG:  listening on Unix socket "/var/run/postgresql/.s.PGSQL.5432"
2026-09-14 15:15:38.058 UTC [56] LOG:  database system was shut down at 2026-09-14 15:15:37 UTC
2026-09-14 15:15:38.062 UTC [47] LOG:  database system is ready to accept connections
 done
server started
CREATE DATABASE


/usr/local/bin/docker-entrypoint.sh: ignoring /docker-entrypoint-initdb.d/*

waiting for server to shut down....2026-09-14 15:15:38.195 UTC [47] LOG:  received fast shutdown request
2026-09-14 15:15:38.197 UTC [47] LOG:  aborting any active transactions
2026-09-14 15:15:38.201 UTC [47] LOG:  background worker "logical replication launcher" (PID 59) exited with exit code 1
2026-09-14 15:15:38.201 UTC [54] LOG:  shutting down
2026-09-14 15:15:38.202 UTC [54] LOG:  checkpoint starting: shutdown immediate
2026-09-14 15:15:38.237 UTC [54] LOG:  checkpoint complete: wrote 926 buffers (5.7%); 0 WAL file(s) added, 0 removed, 0 recycled; write=0.016 s, sync=0.017 s, total=0.036 s; sync files=301, longest=0.010 s, average=0.001 s; distance=4283 kB, estimate=4283 kB; lsn=0/1925D60, redo lsn=0/1925D60
2026-09-14 15:15:38.240 UTC [47] LOG:  database system is shut down
 done
server stopped

PostgreSQL init process complete; ready for start up.


stderr:
sh: locale: not found
2026-09-14 15:15:37.721 UTC [41] WARNING:  no usable system locales were found
initdb: warning: enabling "trust" authentication for local connections
initdb: hint: You can change this by editing pg_hba.conf or using the option -A, or --auth-local and --auth-host, the next time you run initdb.
2026-09-14 15:15:38.320 UTC [1] LOG:  starting PostgreSQL 16.15 on x86_64-pc-linux-musl, compiled by gcc (Alpine 15.2.0) 15.2.0, 64-bit
2026-09-14 15:15:38.320 UTC [1] LOG:  listening on IPv4 address "0.0.0.0", port 5432
2026-09-14 15:15:38.320 UTC [1] LOG:  listening on IPv6 address "::", port 5432
2026-09-14 15:15:38.322 UTC [1] LOG:  listening on Unix socket "/var/run/postgresql/.s.PGSQL.5432"
2026-09-14 15:15:38.325 UTC [70] LOG:  database system was shut down at 2026-09-14 15:15:38 UTC
2026-09-14 15:15:38.329 UTC [1] LOG:  database system is ready to accept connections
2026-09-14 15:15:39.953 UTC [207] ERROR:  command_payload_mismatch
2026-09-14 15:15:39.953 UTC [207] CONTEXT:  PL/pgSQL function import_command(text,text,text,text,text) line 8 at RAISE
2026-09-14 15:15:39.953 UTC [207] STATEMENT:  SELECT import_command('cmd-import-001','acct-synthetic-001','local-request-001','changed-payload','proj-survive-001');
2026-09-14 15:15:40.370 UTC [241] ERROR:  account_ceiling
2026-09-14 15:15:40.370 UTC [241] CONTEXT:  PL/pgSQL function reserve_operation(text,text,text,text,bigint) line 20 at RAISE
2026-09-14 15:15:40.370 UTC [241] STATEMENT:  SELECT reserve_operation('op-acct-race-' || substr(md5(random()::text),1,8), 'idem-acct-race-' || substr(md5(random()::text),1,8), 'acct-race-001', 'job-account-race-001', 100000);
2026-09-14 15:15:40.728 UTC [262] ERROR:  parent_job_ceiling
2026-09-14 15:15:40.728 UTC [262] CONTEXT:  PL/pgSQL function reserve_operation(text,text,text,text,bigint) line 23 at RAISE
2026-09-14 15:15:40.728 UTC [262] STATEMENT:  SELECT reserve_operation('op-parent-race-' || substr(md5(random()::text),1,8), 'idem-parent-race-' || substr(md5(random()::text),1,8), 'acct-synthetic-001', 'job-parent-race-001', 100000);
2026-09-14 15:15:40.838 UTC [276] ERROR:  account_missing
2026-09-14 15:15:40.838 UTC [276] CONTEXT:  PL/pgSQL function reserve_operation(text,text,text,text,bigint) line 13 at RAISE
2026-09-14 15:15:40.838 UTC [276] STATEMENT:  SELECT reserve_operation('op-missing-account','idem-missing-account','acct-nope','job-survive-001',1);
2026-09-14 15:15:40.883 UTC [283] ERROR:  job_missing
2026-09-14 15:15:40.883 UTC [283] CONTEXT:  PL/pgSQL function reserve_operation(text,text,text,text,bigint) line 17 at RAISE
2026-09-14 15:15:40.883 UTC [283] STATEMENT:  SELECT reserve_operation('op-missing-job','idem-missing-job','acct-synthetic-001','job-nope',1);
2026-09-14 15:15:40.923 UTC [290] ERROR:  operation_cap_or_positive
2026-09-14 15:15:40.923 UTC [290] CONTEXT:  PL/pgSQL function reserve_operation(text,text,text,text,bigint) line 5 at RAISE
2026-09-14 15:15:40.923 UTC [290] STATEMENT:  SELECT reserve_operation('op-zero','idem-zero','acct-synthetic-001','job-survive-001',0);
2026-09-14 15:15:40.963 UTC [297] ERROR:  operation_cap_or_positive
2026-09-14 15:15:40.963 UTC [297] CONTEXT:  PL/pgSQL function reserve_operation(text,text,text,text,bigint) line 5 at RAISE
2026-09-14 15:15:40.963 UTC [297] STATEMENT:  SELECT reserve_operation('op-over-cap','idem-over-cap','acct-synthetic-001','job-survive-001',1000001);

