$ docker logs nova3d-qualification-recovery-20260914-189533
stdout:
The files belonging to this database system will be owned by user "postgres".
This user must also own the server process.

The database cluster will be initialized with locale "en_US.utf8".
The default database encoding has accordingly been set to "UTF8".
The default text search configuration will be set to "english".

Data page checksums are disabled.

fixing permissions on existing directory /var/lib/postgresql/data ... ok
creating subdirectories ... ok
selecting dynamic shared memory implementation ... posix
selecting default max_connections ... 100
selecting default shared_buffers ... 128MB
selecting default time zone ... UTC
creating configuration files ... ok
running bootstrap script ... ok
performing post-bootstrap initialization ... ok
syncing data to disk ... ok


Success. You can now start the database server using:

    pg_ctl -D /var/lib/postgresql/data -l logfile start

waiting for server to start....2026-09-14 15:39:04.238 UTC [48] LOG:  starting PostgreSQL 16.15 on x86_64-pc-linux-musl, compiled by gcc (Alpine 15.2.0) 15.2.0, 64-bit
2026-09-14 15:39:04.239 UTC [48] LOG:  listening on Unix socket "/var/run/postgresql/.s.PGSQL.5432"
2026-09-14 15:39:04.241 UTC [57] LOG:  database system was shut down at 2026-09-14 15:39:04 UTC
2026-09-14 15:39:04.245 UTC [48] LOG:  database system is ready to accept connections
 done
server started
CREATE DATABASE


/usr/local/bin/docker-entrypoint.sh: ignoring /docker-entrypoint-initdb.d/*

waiting for server to shut down....2026-09-14 15:39:04.396 UTC [48] LOG:  received fast shutdown request
2026-09-14 15:39:04.398 UTC [48] LOG:  aborting any active transactions
2026-09-14 15:39:04.400 UTC [48] LOG:  background worker "logical replication launcher" (PID 60) exited with exit code 1
2026-09-14 15:39:04.400 UTC [55] LOG:  shutting down
2026-09-14 15:39:04.401 UTC [55] LOG:  checkpoint starting: shutdown immediate
2026-09-14 15:39:04.425 UTC [55] LOG:  checkpoint complete: wrote 926 buffers (5.7%); 0 WAL file(s) added, 0 removed, 0 recycled; write=0.007 s, sync=0.015 s, total=0.025 s; sync files=301, longest=0.009 s, average=0.001 s; distance=4283 kB, estimate=4283 kB; lsn=0/1925D60, redo lsn=0/1925D60
2026-09-14 15:39:04.429 UTC [48] LOG:  database system is shut down
 done
server stopped

PostgreSQL init process complete; ready for start up.


stderr:
sh: locale: not found
2026-09-14 15:39:03.907 UTC [42] WARNING:  no usable system locales were found
initdb: warning: enabling "trust" authentication for local connections
initdb: hint: You can change this by editing pg_hba.conf or using the option -A, or --auth-local and --auth-host, the next time you run initdb.
2026-09-14 15:39:04.522 UTC [1] LOG:  starting PostgreSQL 16.15 on x86_64-pc-linux-musl, compiled by gcc (Alpine 15.2.0) 15.2.0, 64-bit
2026-09-14 15:39:04.522 UTC [1] LOG:  listening on IPv4 address "0.0.0.0", port 5432
2026-09-14 15:39:04.522 UTC [1] LOG:  listening on IPv6 address "::", port 5432
2026-09-14 15:39:04.523 UTC [1] LOG:  listening on Unix socket "/var/run/postgresql/.s.PGSQL.5432"
2026-09-14 15:39:04.526 UTC [71] LOG:  database system was shut down at 2026-09-14 15:39:04 UTC
2026-09-14 15:39:04.529 UTC [1] LOG:  database system is ready to accept connections
2026-09-14 15:39:06.219 UTC [206] ERROR:  command_payload_mismatch
2026-09-14 15:39:06.219 UTC [206] CONTEXT:  PL/pgSQL function import_command(text,text,text,text,text) line 13 at RAISE
2026-09-14 15:39:06.219 UTC [206] STATEMENT:  SELECT import_command('cmd-import-001','acct-synthetic-001','local-request-001','changed-payload','proj-survive-001');
2026-09-14 15:39:06.518 UTC [220] ERROR:  duplicate key value violates unique constraint "local_imports_account_id_local_request_id_key"
2026-09-14 15:39:06.518 UTC [220] DETAIL:  Key (account_id, local_request_id)=(acct-synthetic-001, local-request-race) already exists.
2026-09-14 15:39:06.518 UTC [220] CONTEXT:  SQL statement "INSERT INTO local_imports VALUES (p_command_id, p_account_id, p_local_request_id,
	    p_payload_digest, p_project_id) ON CONFLICT (command_id) DO NOTHING"
	PL/pgSQL function import_command(text,text,text,text,text) line 4 at SQL statement
2026-09-14 15:39:06.518 UTC [220] STATEMENT:  SELECT import_command('cmd-import-race','acct-synthetic-001','local-request-race','payload-race','proj-survive-001');
2026-09-14 15:39:07.019 UTC [262] ERROR:  job_project_mismatch
2026-09-14 15:39:07.019 UTC [262] CONTEXT:  PL/pgSQL function reserve_operation(text,text,text,text,text,bigint) line 31 at RAISE
2026-09-14 15:39:07.019 UTC [262] STATEMENT:  SELECT reserve_operation('op-acct-race-' || substr(md5(random()::text),1,8), 'idem-acct-race-' || substr(md5(random()::text),1,8), 'acct-race-001', 'proj-other-001', 'job-account-race-001', 100000);
2026-09-14 15:39:07.021 UTC [261] ERROR:  job_project_mismatch
2026-09-14 15:39:07.021 UTC [261] CONTEXT:  PL/pgSQL function reserve_operation(text,text,text,text,text,bigint) line 31 at RAISE
2026-09-14 15:39:07.021 UTC [261] STATEMENT:  SELECT reserve_operation('op-acct-race-' || substr(md5(random()::text),1,8), 'idem-acct-race-' || substr(md5(random()::text),1,8), 'acct-race-001', 'proj-other-001', 'job-account-race-001', 100000);
2026-09-14 15:39:07.393 UTC [282] ERROR:  parent_job_ceiling
2026-09-14 15:39:07.393 UTC [282] CONTEXT:  PL/pgSQL function reserve_operation(text,text,text,text,text,bigint) line 59 at RAISE
2026-09-14 15:39:07.393 UTC [282] STATEMENT:  SELECT reserve_operation('op-parent-race-' || substr(md5(random()::text),1,8), 'idem-parent-race-' || substr(md5(random()::text),1,8), 'acct-synthetic-001', 'proj-survive-001', 'job-parent-race-001', 100000);
2026-09-14 15:39:07.536 UTC [296] ERROR:  account_missing
2026-09-14 15:39:07.536 UTC [296] CONTEXT:  PL/pgSQL function reserve_operation(text,text,text,text,text,bigint) line 14 at RAISE
2026-09-14 15:39:07.536 UTC [296] STATEMENT:  SELECT reserve_operation('op-missing-account','idem-missing-account','acct-nope','proj-survive-001','job-survive-001',1);
2026-09-14 15:39:07.575 UTC [303] ERROR:  account_not_active
2026-09-14 15:39:07.575 UTC [303] CONTEXT:  PL/pgSQL function reserve_operation(text,text,text,text,text,bigint) line 17 at RAISE
2026-09-14 15:39:07.575 UTC [303] STATEMENT:  SELECT reserve_operation('op-disabled-account','idem-disabled-account','acct-disabled-001','proj-survive-001','job-survive-001',1);
2026-09-14 15:39:07.613 UTC [310] ERROR:  project_account_mismatch
2026-09-14 15:39:07.613 UTC [310] CONTEXT:  PL/pgSQL function reserve_operation(text,text,text,text,text,bigint) line 24 at RAISE
2026-09-14 15:39:07.613 UTC [310] STATEMENT:  SELECT reserve_operation('op-project-mismatch','idem-project-mismatch','acct-race-001','proj-survive-001','job-survive-001',1);
2026-09-14 15:39:07.657 UTC [317] ERROR:  job_missing
2026-09-14 15:39:07.657 UTC [317] CONTEXT:  PL/pgSQL function reserve_operation(text,text,text,text,text,bigint) line 28 at RAISE
2026-09-14 15:39:07.657 UTC [317] STATEMENT:  SELECT reserve_operation('op-missing-job','idem-missing-job','acct-synthetic-001','proj-survive-001','job-nope',1);
2026-09-14 15:39:07.700 UTC [324] ERROR:  job_project_mismatch
2026-09-14 15:39:07.700 UTC [324] CONTEXT:  PL/pgSQL function reserve_operation(text,text,text,text,text,bigint) line 31 at RAISE
2026-09-14 15:39:07.700 UTC [324] STATEMENT:  SELECT reserve_operation('op-job-project-mismatch','idem-job-project-mismatch','acct-synthetic-001','proj-survive-001','job-other-001',1);
2026-09-14 15:39:07.737 UTC [331] ERROR:  operation_cap_or_positive
2026-09-14 15:39:07.737 UTC [331] CONTEXT:  PL/pgSQL function reserve_operation(text,text,text,text,text,bigint) line 7 at RAISE
2026-09-14 15:39:07.737 UTC [331] STATEMENT:  SELECT reserve_operation('op-zero','idem-zero','acct-synthetic-001','proj-survive-001','job-survive-001',0);
2026-09-14 15:39:07.775 UTC [338] ERROR:  operation_cap_or_positive
2026-09-14 15:39:07.775 UTC [338] CONTEXT:  PL/pgSQL function reserve_operation(text,text,text,text,text,bigint) line 10 at RAISE
2026-09-14 15:39:07.775 UTC [338] STATEMENT:  SELECT reserve_operation('op-null','idem-null','acct-synthetic-001','proj-survive-001','job-survive-001',NULL);
2026-09-14 15:39:07.814 UTC [345] ERROR:  operation_cap_or_positive
2026-09-14 15:39:07.814 UTC [345] CONTEXT:  PL/pgSQL function reserve_operation(text,text,text,text,text,bigint) line 7 at RAISE
2026-09-14 15:39:07.814 UTC [345] STATEMENT:  SELECT reserve_operation('op-over-cap','idem-over-cap','acct-synthetic-001','proj-survive-001','job-survive-001',1000001);
2026-09-14 15:39:07.854 UTC [352] ERROR:  operation_identity_or_amount_mismatch
2026-09-14 15:39:07.854 UTC [352] CONTEXT:  PL/pgSQL function reserve_operation(text,text,text,text,text,bigint) line 42 at RAISE
2026-09-14 15:39:07.854 UTC [352] STATEMENT:  SELECT reserve_operation('op-boundary-001','idem-boundary-001','acct-synthetic-001','proj-survive-001','job-survive-001',428573);

