#0 building with "default" instance using docker driver

#1 [internal] load build definition from Dockerfile.bambustudio-cli
#1 transferring dockerfile: 1.43kB done
#1 DONE 0.0s

#2 [internal] load metadata for docker.io/library/ubuntu@sha256:224a1869083a311ef3f13648a154ba79832fbef6364d31493642ca03082da254
#2 DONE 0.0s

#3 [internal] load .dockerignore
#3 transferring context: 2B done
#3 DONE 0.0s

#4 [1/4] FROM docker.io/library/ubuntu@sha256:224a1869083a311ef3f13648a154ba79832fbef6364d31493642ca03082da254
#4 resolve docker.io/library/ubuntu@sha256:224a1869083a311ef3f13648a154ba79832fbef6364d31493642ca03082da254 done
#4 DONE 0.0s

#5 [internal] load build context
#5 transferring context: 1.54kB done
#5 DONE 0.0s

#6 [2/4] RUN apt-get update -qq && apt-get install -y --no-install-recommends     libgtk-3-0t64=3.24.41-4ubuntu1.3     libgl1=1.7.0-1build1     libegl1=1.7.0-1build1     libgstreamer1.0-0=1.24.2-1ubuntu0.1     libgstreamer-plugins-base1.0-0=1.24.2-1ubuntu0.4     libwebkit2gtk-4.1-0=2.52.6-0ubuntu0.24.04.1     libwayland-server0=1.22.0-2.1build1     libx11-6=2:1.8.7-1build1     libxext6=2:1.3.4-1build2     libxfixes3=1:6.0.0-2build1     libxi6=2:1.8.1-1build1     libxrandr2=2:1.5.2-2build1     libxcursor1=1:1.2.1-1build1     libxdamage1=1:1.1.6-1build1     libxcomposite1=1:0.4.5-1build3     libxinerama1=2:1.1.4-3build1     libxrender1=1:0.9.10-1.1build1     libxau6=1:1.0.9-1build6     libxdmcp6=1:1.1.3-0ubuntu6     libasound2t64=1.2.11-1ubuntu0.3     libfontconfig1=2.15.0-1.1ubuntu2     libfreetype6=2.13.2+dfsg-1ubuntu0.1     libdbus-1-3=1.14.10-4ubuntu4.1     libnss3=2:3.98-1ubuntu0.2     libxkbcommon0=1.6.0-1build1     libsecret-1-0=0.21.4-1build3     libcurl4t64=8.5.0-2ubuntu10.13     && rm -rf /var/lib/apt/lists/*
#6 CACHED

#7 [3/4] COPY bambu-cli-entrypoint.sh /usr/local/bin/bambu-cli-entrypoint
#7 DONE 0.0s

#8 [4/4] RUN chmod 0755 /usr/local/bin/bambu-cli-entrypoint
#8 DONE 0.1s

#9 exporting to image
#9 exporting layers 0.0s done
#9 exporting manifest sha256:42bfa18372f5e92740e3a26daa04b51bbf54aec55f28fd23cab0053f6890ec08 done
#9 exporting config sha256:e55c03938ee687db6ec50bbc22201d0d774d1056e36738e4989c140f8b1ec46f done
#9 exporting attestation manifest sha256:63307b8c8dbb8b3625ec8203ece30f9dc1e226981e203b774d93836962fbcafb done
#9 exporting manifest list sha256:cfb0da2781e1885463fcbd163e5bc6784d562be3a08c65354d425aa758b71a14 done
#9 naming to docker.io/nova3d/bambu-cli:v02.08.02.61-ubuntu24.04 done
#9 unpacking to docker.io/nova3d/bambu-cli:v02.08.02.61-ubuntu24.04 0.0s done
#9 DONE 0.1s
filament.json: OK
machine.json: OK
process-effective.json: OK
positive_envelope.stl: OK
[2026-09-14 15:41:00.280888] [0x000072d0f0ad2540] [trace]   Initializing StaticPrintConfigs
[2026-09-14 15:41:00.294006] [0x000072d0f0ad2540] [warning] cli mode, Current BambuStudio Version 02.08.02.61
[2026-09-14 15:41:00.294023] [0x000072d0f0ad2540] [info]    Will start to read model file now, file count :1

[2026-09-14 15:41:00.294033] [0x000072d0f0ad2540] [info]    allow_multicolor_oneplate 1, allow_rotations 1 skip_modified_gcodes 0 avoid_extrusion_cali_region 0 loaded_filament_ids size 0, clone_objects size 0, skip_useless_pick 0, allow_newer_file 0, allow_mix_temp 0
[2026-09-14 15:41:00.294038] [0x000072d0f0ad2540] [info]    plate_to_slice=0, normative_check=1, use_first_fila_as_default=0
[2026-09-14 15:41:00.294042] [0x000072d0f0ad2540] [info]    read model file:/probe/input/positive_envelope.stl

[2026-09-14 15:41:00.294566] [0x000072d0f0ad2540] [info]    object positive_envelope.stl, id :5, from stl or other 3mf

[2026-09-14 15:41:00.294579] [0x000072d0f0ad2540] [info]    run:before load settings, file count=2

[2026-09-14 15:41:00.294585] [0x000072d0f0ad2540] [info]    operator():load setting file /probe/input/machine.json, with rule 1

[2026-09-14 15:41:00.294761] [0x000072d0f0ad2540] [info]    no substitutions performed from file /probe/input/machine.json

[2026-09-14 15:41:00.294781] [0x000072d0f0ad2540] [info]    loaded machine config /probe/input/machine.json, type Bambu Lab A1 mini 0.4 nozzle, name system, inherits Bambu Lab A1 mini 0.4 nozzle, printer_model_id 
[2026-09-14 15:41:00.294786] [0x000072d0f0ad2540] [info]    operator():load setting file /probe/input/process-effective.json, with rule 1

[2026-09-14 15:41:00.295095] [0x000072d0f0ad2540] [info]    no substitutions performed from file /probe/input/process-effective.json

[2026-09-14 15:41:00.295105] [0x000072d0f0ad2540] [info]    loaded process config /probe/input/process-effective.json, type nova3D R-3 effective process override, name user, inherits 
[2026-09-14 15:41:00.295108] [0x000072d0f0ad2540] [info]    operator():load setting file /probe/input/filament.json, with rule 1

[2026-09-14 15:41:00.295153] [0x000072d0f0ad2540] [info]    no substitutions performed from file /probe/input/filament.json

[2026-09-14 15:41:00.295159] [0x000072d0f0ad2540] [info]    loaded filament 1 from file /probe/input/filament.json, type system, name Bambu PLA Silk+ @BBL A1M, inherits 
[2026-09-14 15:41:00.295161] [0x000072d0f0ad2540] [info]    current printer , new printer Bambu Lab A1 mini 0.4 nozzle, current process , new process nova3D R-3 effective process override
[2026-09-14 15:41:00.295165] [0x000072d0f0ad2540] [info]    current printer inherits , new printer inherits Bambu Lab A1 mini 0.4 nozzle, current process inherits , new process inherits 
[2026-09-14 15:41:00.295168] [0x000072d0f0ad2540] [info]    index 0, new print compatible printer Bambu Lab A1 mini 0.4 nozzle
[2026-09-14 15:41:00.295170] [0x000072d0f0ad2540] [info]    new printer Bambu Lab A1 mini 0.4 nozzle, inherited from Bambu Lab A1 mini 0.4 nozzle, new process nova3D R-3 effective process override, inherited from  ,compatible 1
[2026-09-14 15:41:00.295176] [0x000072d0f0ad2540] [info]    update printer config to newest, different size 0, different_settings: 
[2026-09-14 15:41:00.295187] [0x000072d0f0ad2540] [info]    update_full_config: config keys count 41
[2026-09-14 15:41:00.295209] [0x000072d0f0ad2540] [info]    load a new printer, update all the keys, different_settings: 
[2026-09-14 15:41:00.295211] [0x000072d0f0ad2540] [info]    check printer cli safe params, current_printer_name , new_printer_name Bambu Lab A1 mini 0.4 nozzle, printer_model Bambu Lab A1 mini
[2026-09-14 15:41:00.295214] [0x000072d0f0ad2540] [info]    line 3260 , will parse file /probe/data/extract/squashfs-root/resources/profiles/BBL/cli_config.json
[2026-09-14 15:41:00.295445] [0x000072d0f0ad2540] [warning] can not find key machine_max_acceleration_e in config
[2026-09-14 15:41:00.295455] [0x000072d0f0ad2540] [warning] can not find key machine_max_acceleration_extruding in config
[2026-09-14 15:41:00.295457] [0x000072d0f0ad2540] [warning] can not find key machine_max_acceleration_retracting in config
[2026-09-14 15:41:00.295458] [0x000072d0f0ad2540] [warning] can not find key machine_max_acceleration_travel in config
[2026-09-14 15:41:00.295459] [0x000072d0f0ad2540] [warning] can not find key machine_max_acceleration_x in config
[2026-09-14 15:41:00.295460] [0x000072d0f0ad2540] [warning] can not find key machine_max_acceleration_y in config
[2026-09-14 15:41:00.295464] [0x000072d0f0ad2540] [warning] can not find key machine_max_jerk_x in config
[2026-09-14 15:41:00.295466] [0x000072d0f0ad2540] [warning] can not find key machine_max_jerk_y in config
[2026-09-14 15:41:00.295467] [0x000072d0f0ad2540] [warning] can not find key machine_max_speed_e in config
[2026-09-14 15:41:00.295469] [0x000072d0f0ad2540] [warning] can not find key machine_max_speed_x in config
[2026-09-14 15:41:00.295470] [0x000072d0f0ad2540] [warning] can not find key machine_max_speed_y in config
[2026-09-14 15:41:00.295508] [0x000072d0f0ad2540] [info]    update process config to newest, different size 0, different_settings: 
[2026-09-14 15:41:00.295542] [0x000072d0f0ad2540] [info]    update_full_config: config keys count 188
[2026-09-14 15:41:00.295618] [0x000072d0f0ad2540] [info]    load a new process, update all the keys, different_settings: 
[2026-09-14 15:41:00.295633] [0x000072d0f0ad2540] [info]    update filament 1's config to newest, different size 0, name Bambu PLA Silk+ @BBL A1M, different_settings 
[2026-09-14 15:41:00.295644] [0x000072d0f0ad2540] [info]    skip scalar option inherits from filament 1: Bambu PLA Silk+ @BBL A1M
[2026-09-14 15:41:00.295650] [0x000072d0f0ad2540] [warning] no filament colors found in projects
[2026-09-14 15:41:00.295651] [0x000072d0f0ad2540] [info]    total 1 models, 0 objects

[2026-09-14 15:41:00.296153] [0x000072d0f0ad2540] [info]    4160, remove_wrapping_detect 0, old value 0
[2026-09-14 15:41:00.296212] [0x000072d0f0ad2540] [info]    translate_old 0, shrink_to_new_bed 0, old bed size {180, 180, 180}
[2026-09-14 15:41:00.296216] [0x000072d0f0ad2540] [info]    reset_size:before size: plate_width 0, plate_depth 0, plate_height 0
[2026-09-14 15:41:00.296218] [0x000072d0f0ad2540] [info]    reset_size:after size: plate_width 180, plate_depth 180, plate_height 180
[2026-09-14 15:41:00.296227] [0x000072d0f0ad2540] [info]    set_pos_and_size: plate_id 0, before, origin {0,0,0}, plate_width 0, plate_depth 0, plate_height 0
[2026-09-14 15:41:00.296230] [0x000072d0f0ad2540] [info]    set_pos_and_size: with_instance_move 0, after, origin {0,0,0}, plate_width 180, plate_depth 180, plate_height 180
[2026-09-14 15:41:00.296233] [0x000072d0f0ad2540] [info]    update_slice_result_valid_state: plate 0 , update slice result from 0 to 0
[2026-09-14 15:41:00.296235] [0x000072d0f0ad2540] [info]    set_pos_and_size: plate_id 1, before, origin {0,0,0}, plate_width 0, plate_depth 0, plate_height 0
[2026-09-14 15:41:00.296238] [0x000072d0f0ad2540] [info]    set_pos_and_size: with_instance_move 0, after, origin {216,0,0}, plate_width 180, plate_depth 180, plate_height 180
[2026-09-14 15:41:00.296240] [0x000072d0f0ad2540] [info]    update_slice_result_valid_state: plate 0 , update slice result from 0 to 0
[2026-09-14 15:41:00.296251] [0x000072d0f0ad2540] [info]    will start transforms, commands count 0

[2026-09-14 15:41:00.296253] [0x000072d0f0ad2540] [info]    finished model pre-process commands

[2026-09-14 15:41:00.296256] [0x000072d0f0ad2540] [info]    before arrange, need_arrange=1, duplicate_count 0, filament_color_changed 0
[2026-09-14 15:41:00.296326] [0x000072d0f0ad2540] [info]    Arrange full params: {"min_obj_distance":0,"accuracy":1.000000,"parallel":1,"allow_rotations":1,"do_final_align":1,"allow_multi_materials_on_same_plate":1,"avoid_extrusion_cali_region":0,"is_seq_print":0,"bed_shrink_x":0.000000,"bed_shrink_y":0.000000,"brim_skirt_distance":0.000000,"clearance_height_to_rod":25.000000,"clearance_height_to_lid":180.000000,"cleareance_radius":73.000000,"printable_height":180.000000,
[2026-09-14 15:41:00.296328] [0x000072d0f0ad2540] [info]    arrange: items selected before arranging: 1
[2026-09-14 15:41:00.296330] [0x000072d0f0ad2540] [info]    arrange: items unselected before arranging: 0
[2026-09-14 15:41:00.296331] [0x000072d0f0ad2540] [info]    start 1 th arranging...
[2026-09-14 15:41:00.297420] [0x000072d0f0ad2540] [info]    finished 1 th arranging...
[2026-09-14 15:41:00.297446] [0x000072d0f0ad2540] [info]    update_slice_result_valid_state: plate 0 , update slice result from 0 to 0
[2026-09-14 15:41:00.297463] [0x000072d0f0ad2540] [info]    rebuild_plates_after_arrangement:before rebuild, plates count 1, recycle_plates 1
[2026-09-14 15:41:00.297470] [0x000072d0f0ad2540] [info]    update_slice_result_valid_state: plate 0 , update slice result from 0 to 0
[2026-09-14 15:41:00.297483] [0x000072d0f0ad2540] [info]    add_instance: plate 0 , m_ready_for_slice changes to 1
[2026-09-14 15:41:00.297489] [0x000072d0f0ad2540] [info]    rebuild_plates_after_arrangement:after rebuild, plates count 1
[2026-09-14 15:41:00.297501] [0x000072d0f0ad2540] [info]    Need to slice for plate 0, total plate count 1 partplates!

[2026-09-14 15:41:00.297512] [0x000072d0f0ad2540] [info]    Plate 1: pre_check 1, start
[2026-09-14 15:41:00.297530] [0x000072d0f0ad2540] [info]    update_print_volume_state, print_volume {0, 0, 0} to {180, 180, 180}, got 1 printable istances
[2026-09-14 15:41:00.297545] [0x000072d0f0ad2540] [info]    plate 1: load cached data success, go on.
[2026-09-14 15:41:00.297769] [0x000072d0f0ad2540] [info]    apply, Line 1184: enter
[2026-09-14 15:41:00.297782] [0x000072d0f0ad2540] [info]    apply, has_scarf_joint_seam:false
[2026-09-14 15:41:00.297794] [0x000072d0f0ad2540] [info]    apply, has_scarf_joint_seam:false
[2026-09-14 15:41:00.298151] [0x000072d0f0ad2540] [info]    apply, got print_diff 47, object_diff 15, region_diff 28, set status to APPLY_STATUS_CHANGED
[2026-09-14 15:41:00.298211] [0x000072d0f0ad2540] [info]    apply 1508: found full_config_diff changed.
[2026-09-14 15:41:00.298465] [0x000072d0f0ad2540] [info]    apply 1835: found print object changed.
[2026-09-14 15:41:00.298479] [0x000072d0f0ad2540] [info]    apply, got new_changed_keys, size=1
[2026-09-14 15:41:00.298482] [0x000072d0f0ad2540] [info]    apply, i=0, key=enable_prime_tower
[2026-09-14 15:41:00.298559] [0x000072d0f0ad2540] [info]    apply 2121: finished,  this 0x580eb4bfd7d0, m_modified_count 1, apply_status 1, m_support_used 0
[2026-09-14 15:41:00.298573] [0x000072d0f0ad2540] [info]    set no_check to 0:
[2026-09-14 15:41:00.298617] [0x000072d0f0ad2540] [info]    start Print::process for partplate 1

[2026-09-14 15:41:00.298621] [0x000072d0f0ad2540] [info]    cli callback mgr started:  false

[2026-09-14 15:41:00.298624] [0x000072d0f0ad2540] [info]    set print's callback to default_status_callback.
[2026-09-14 15:41:00.298628] [0x000072d0f0ad2540] [info]    printer_model_string: Bambu Lab A1 mini, is_bbl_vendor_preset 1
[2026-09-14 15:41:00.298704] [0x000072d0f0ad2540] [info]    process: this=0x580eb4bfd7d0, enter, use_cache=0, object size=1
[2026-09-14 15:41:00.298726] [0x000072d0f0ad2540] [info]    process: total object counts 1 in current print, need to slice 1
[2026-09-14 15:41:00.298773] [0x000072d0f0ad2540] [info]    Starting the slicing process. Resident memory: 85MB; Shared memory: 71MB; Private memory: 14MB; Peak memory usage: 85MB
[2026-09-14 15:41:00.298815] [0x000072d0f0ad2540] [info]    Slicing volumes... Resident memory: 85MB; Shared memory: 71MB; Private memory: 14MB; Peak memory usage: 85MB
[2026-09-14 15:41:00.299943] [0x000072d0f0ad2540] [info]    Generating walls... Resident memory: 86MB; Shared memory: 71MB; Private memory: 15MB; Peak memory usage: 85MB
[2026-09-14 15:41:00.306536] [0x000072d0f0ad2540] [info]    Detecting solid surfaces... Resident memory: 87MB; Shared memory: 72MB; Private memory: 15MB; Peak memory usage: 86MB
[2026-09-14 15:41:00.307117] [0x000072d0f0ad2540] [info]    Preparing fill surfaces... Resident memory: 87MB; Shared memory: 72MB; Private memory: 15MB; Peak memory usage: 86MB
[2026-09-14 15:41:00.307136] [0x000072d0f0ad2540] [info]    Discovering vertical shells... Resident memory: 87MB; Shared memory: 72MB; Private memory: 15MB; Peak memory usage: 86MB
[2026-09-14 15:41:00.307910] [0x000072d0f0ad2540] [info]    Processing external surfaces... Resident memory: 87MB; Shared memory: 72MB; Private memory: 15MB; Peak memory usage: 86MB
[2026-09-14 15:41:00.308119] [0x000072d0f0ad2540] [info]    Bridge over infill - Start Resident memory: 87MB; Shared memory: 72MB; Private memory: 15MB; Peak memory usage: 86MB
[2026-09-14 15:41:00.309239] [0x000072d0f0ad2540] [info]    Bridge over infill - Directions and expanded surfaces computed Resident memory: 87MB; Shared memory: 72MB; Private memory: 15MB; Peak memory usage: 86MB
[2026-09-14 15:41:00.309328] [0x000072d0f0ad2540] [info]    Bridge over infill - End Resident memory: 87MB; Shared memory: 72MB; Private memory: 15MB; Peak memory usage: 86MB
[2026-09-14 15:41:00.315616] [0x000072d0f0ad2540] [warning] tree support default to organic support
[2026-09-14 15:41:00.318423] [0x000072d0f0ad2540] [info]    max_cantilever_dist=0
[2026-09-14 15:41:00.318587] [0x000072d0f0ad2540] [info]    is_support_necessary takes 0 secs.
[2026-09-14 15:41:00.319345] [0x000072d0f0ad2540] [info]    update_filament_maps_to_config: filament maps changed after pre-slicing.
[2026-09-14 15:41:00.319534] [0x000072d0f0ad2540] [info]    update_filament_maps_to_config, Line 2887:  extruder_count 1, extruder_volume_type_count 1
[2026-09-14 15:41:00.321749] [0x000072d0f0ad2540] [info]    gcode path conflicts check takes 0 secs.
[2026-09-14 15:41:00.321814] [0x000072d0f0ad2540] [info]    Slicing process finished. Resident memory: 89MB; Shared memory: 73MB; Private memory: 16MB; Peak memory usage: 89MB
[2026-09-14 15:41:00.321824] [0x000072d0f0ad2540] [info]    print::process: first time_using_cache is 0 secs.
[2026-09-14 15:41:00.321833] [0x000072d0f0ad2540] [info]    process finished, will export gcode temporily to /probe/output/plate_1.gcode

[2026-09-14 15:41:00.321921] [0x000072d0f0ad2540] [info]    reset 1589: this=0x7fff7d4159a0 reset finished
[2026-09-14 15:41:00.321969] [0x000072d0f0ad2540] [info]    Will export G-code to plate_1.gcode soon
[2026-09-14 15:41:00.322037] [0x000072d0f0ad2540] [info]    Exporting G-code... Resident memory: 89MB; Shared memory: 73MB; Private memory: 16MB; Peak memory usage: 89MB
[2026-09-14 15:41:00.322123] [0x000072d0f0ad2540] [info]    reset 1589: this=0x7fff7d4159a0 reset finished
[2026-09-14 15:41:00.373241] [0x000072d0f0ad2540] [info]    post_process:  before process plate_1.gcode.tmp
[2026-09-14 15:41:00.376103] [0x000072d0f0ad2540] [info]    post_process:  after process plate_1.gcode.tmp
[2026-09-14 15:41:00.378171] [0x000072d0f0ad2540] [info]    rename_file from plate_1.gcode.tmp to plate_1.gcode successfully
[2026-09-14 15:41:00.378214] [0x000072d0f0ad2540] [info]    Exporting G-code finished Resident memory: 102MB; Shared memory: 73MB; Private memory: 29MB; Peak memory usage: 102MB
[2026-09-14 15:41:00.378749] [0x000072d0f0ad2540] [info]    export_gcode finished: time_using_cache update to 57 secs.
[2026-09-14 15:41:00.378756] [0x000072d0f0ad2540] [info]    Slicing result exported to /probe/output/plate_1.gcode

[2026-09-14 15:41:00.378763] [0x000072d0f0ad2540] [info]    update_slice_result_valid_state: plate 0 , update slice result from 0 to 1
[2026-09-14 15:41:00.378786] [0x000072d0f0ad2540] [info]    ~PrintObject: this=0x580eb4c6a470, m_shared_object 0
[2026-09-14 15:41:00.379400] [0x000072d0f0ad2540] [info]    Plate 1: slice data released to free memory.
[2026-09-14 15:41:00.379525] [0x000072d0f0ad2540] [info]    store_to_3mf_structure: plate 1 before load, width 0, height 0, size 0!
[2026-09-14 15:41:00.379532] [0x000072d0f0ad2540] [info]    store_to_3mf_structure: plate 1 after load, width 0, height 0, size 0!
[2026-09-14 15:41:00.379548] [0x000072d0f0ad2540] [info]    store_to_3mf_structure: plate 0, gcode_filename=plate_1.gcode, with_slice_info=1, slice_valid 1, object item count 1.
[2026-09-14 15:41:00.379573] [0x000072d0f0ad2540] [info]    store_to_3mf_structure:stored 1 plates!
[2026-09-14 15:41:00.379588] [0x000072d0f0ad2540] [info]    thumbnails stage: plate 1's thumbnail data is invalid, check the file  exist or not
[2026-09-14 15:41:00.379593] [0x000072d0f0ad2540] [info]    thumbnails stage: plate 1's thumbnail file also not there, need to regenerate
[2026-09-14 15:41:00.379596] [0x000072d0f0ad2540] [info]    thumbnails stage: plate 1's no_light_thumbnail_file  also not there, need to regenerate
[2026-09-14 15:41:00.379601] [0x000072d0f0ad2540] [info]    thumbnails stage: plate 1's top_file  also not there, need to regenerate
[2026-09-14 15:41:00.379610] [0x000072d0f0ad2540] [info]    opengl version 3.3.7
[2026-09-14 15:41:00.379784] [0x000072d0f0ad2540] [error]   error_code 65544, description: Wayland: Failed to connect to display

[2026-09-14 15:41:00.379798] [0x000072d0f0ad2540] [error]   glfwInit return error, code 65544

[2026-09-14 15:41:00.379809] [0x000072d0f0ad2540] [info]    plate 1 bed type: Cool Plate, set from global
[2026-09-14 15:41:00.379816] [0x000072d0f0ad2540] [info]    will export 3mf to /probe/output/result.3mf

[2026-09-14 15:41:00.379836] [0x000072d0f0ad2540] [info]    _save_model_to_file:6449,before open zip writer, m_skip_static 0, m_save_gcode 1, m_use_loaded_id 1
[2026-09-14 15:41:00.379894] [0x000072d0f0ad2540] [info]    _save_model_to_file:6477, before add _add_content_types_file_to_archive

[2026-09-14 15:41:00.379937] [0x000072d0f0ad2540] [info]    _save_model_to_file:6491,before add thumbnails, count 0
[2026-09-14 15:41:00.379941] [0x000072d0f0ad2540] [info]    _save_model_to_file:6492,top&&pick thumbnails, count 0
[2026-09-14 15:41:00.379945] [0x000072d0f0ad2540] [info]    _save_model_to_file:6630,before add calibration thumbnails, count 0

[2026-09-14 15:41:00.379950] [0x000072d0f0ad2540] [info]    _save_model_to_file:6652,before add calibration boundingbox, count 1

[2026-09-14 15:41:00.379994] [0x000072d0f0ad2540] [info]    _save_model_to_file:6668, before add models

[2026-09-14 15:41:00.380003] [0x000072d0f0ad2540] [info]    _add_model_file_to_archive:7153, filename result.3mf.tmp, m_split_model 1,  sub_model 0
[2026-09-14 15:41:00.380028] [0x000072d0f0ad2540] [info]    bbs_3mf: save key= Application, value = BambuStudio-02.08.02.61
[2026-09-14 15:41:00.380046] [0x000072d0f0ad2540] [info]    bbs_3mf: save key= BambuStudio:3mfVersion, value = 1
[2026-09-14 15:41:00.380055] [0x000072d0f0ad2540] [info]    bbs_3mf: save key= Copyright, value = 
[2026-09-14 15:41:00.380059] [0x000072d0f0ad2540] [info]    bbs_3mf: save key= CreationDate, value = 2026-09-14
[2026-09-14 15:41:00.380061] [0x000072d0f0ad2540] [info]    bbs_3mf: save key= Description, value = 
[2026-09-14 15:41:00.380063] [0x000072d0f0ad2540] [info]    bbs_3mf: save key= Designer, value = 
[2026-09-14 15:41:00.380065] [0x000072d0f0ad2540] [info]    bbs_3mf: save key= DesignerCover, value = 
[2026-09-14 15:41:00.380067] [0x000072d0f0ad2540] [info]    bbs_3mf: save key= DesignerUserId, value = 
[2026-09-14 15:41:00.380069] [0x000072d0f0ad2540] [info]    bbs_3mf: save key= License, value = 
[2026-09-14 15:41:00.380071] [0x000072d0f0ad2540] [info]    bbs_3mf: save key= ModificationDate, value = 2026-09-14
[2026-09-14 15:41:00.380073] [0x000072d0f0ad2540] [info]    bbs_3mf: save key= Origin, value = 
[2026-09-14 15:41:00.380075] [0x000072d0f0ad2540] [info]    bbs_3mf: save key= ProfileCover, value = 
[2026-09-14 15:41:00.380077] [0x000072d0f0ad2540] [info]    bbs_3mf: save key= ProfileDescription, value = 
[2026-09-14 15:41:00.380079] [0x000072d0f0ad2540] [info]    bbs_3mf: save key= ProfileTitle, value = 
[2026-09-14 15:41:00.380081] [0x000072d0f0ad2540] [info]    bbs_3mf: save key= Title, value = 
[2026-09-14 15:41:00.380159] [0x000072d0f0ad2540] [info]    _add_model_file_to_archive:7153, filename object_1.model, m_split_model 1,  sub_model 1
[2026-09-14 15:41:00.380170] [0x000072d0f0ad2540] [info]    bbs_3mf: save key= BambuStudio:3mfVersion, value = 1
[2026-09-14 15:41:00.380227] [0x000072d0f0ad2540] [info]    _save_model_to_file:6731, before add custom gcodes

[2026-09-14 15:41:00.380236] [0x000072d0f0ad2540] [info]    _save_model_to_file:6742, before add project_settings

[2026-09-14 15:41:00.380259] [0x000072d0f0ad2540] [info]    model 0x580eb4bc2f00, id 3, backup_path empty, set to 15_41_00#16#3
[2026-09-14 15:41:00.380286] [0x000072d0f0ad2540] [info]    create /3D/Objects in 15_41_00#16#3
[2026-09-14 15:41:00.380388] [0x000072d0f0ad2540] [info]    create /Metadata in 15_41_00#16#3
[2026-09-14 15:41:00.380409] [0x000072d0f0ad2540] [info]    create /lock.txt in 15_41_00#16#3
[2026-09-14 15:41:00.381029] [0x000072d0f0ad2540] [info]    save_to_json:1573, saved config to _temp_1.config

[2026-09-14 15:41:00.381534] [0x000072d0f0ad2540] [info]    _add_file_to_archive:6928, add file _temp_1.config to archive Metadata/project_settings.config

[2026-09-14 15:41:00.381575] [0x000072d0f0ad2540] [info]    _save_model_to_file:6757, before add project embedded settings

[2026-09-14 15:41:00.386070] [0x000072d0f0ad2540] [info]    operator():8937, store  plate_1.gcode to 3mf plate_1.gcode

[2026-09-14 15:41:00.386188] [0x000072d0f0ad2540] [info]    _save_model_to_file:6832, before add sliced info to 3mf

[2026-09-14 15:41:00.386280] [0x000072d0f0ad2540] [info]    _save_model_to_file:6864, before add auxiliary dir to 3mf

[2026-09-14 15:41:00.386296] [0x000072d0f0ad2540] [info]    create missing sub_pathAuxiliaries
[2026-09-14 15:41:00.386356] [0x000072d0f0ad2540] [info]    _save_model_to_file:6877, before add relation file to 3mf

[2026-09-14 15:41:00.386387] [0x000072d0f0ad2540] [info]    _save_model_to_file:6899, finished exporting 3mf

[2026-09-14 15:41:00.386408] [0x000072d0f0ad2540] [info]    Project exported to /probe/output/result.3mf

[2026-09-14 15:41:00.386422] [0x000072d0f0ad2540] [info]    cli_callback_mgr_t::stop enter.
[2026-09-14 15:41:00.386424] [0x000072d0f0ad2540] [info]    cli_callback_mgr_t::stop not started before, return directly.
[2026-09-14 15:41:00.386426] [0x000072d0f0ad2540] [info]    run, Finished

[2026-09-14 15:41:00.386461] [0x000072d0f0ad2540] [info]    record_exit_reson:586 Slicer_Info_Report: plate_id=0, return_code=0, error_message=Success., slice_time_s=0.081, pring_time_s=9574.17, filament_usage_g=0

[2026-09-14 15:41:00.386504] [0x000072d0f0ad2540] [info]    record_exit_reson:604, saved config to /probe/output/result.json

[2026-09-14 15:41:00.386549] [0x000072d0f0ad2540] [info]    update_slice_result_valid_state: plate 0 , update slice result from 1 to 0
[2026-09-14 15:41:00.386555] [0x000072d0f0ad2540] [info]    update_slice_result_valid_state: plate 0 , update slice result from 0 to 0
[2026-09-14 15:41:00.386665] [0x000072d0f0ad2540] [info]    update_slice_result_valid_state: plate 1 , update slice result from 0 to 0
[2026-09-14 15:41:00.386672] [0x000072d0f0ad2540] [info]    update_slice_result_valid_state: plate 1 , update slice result from 0 to 0
[2026-09-14 15:41:00.386712] [0x000072d0f0ad2540] [info]    _BBS_Backup_Manager inital and interval = 60
[2026-09-14 15:41:00.386819] [0x000072d0f0ad2540] [info]    remove_backup 15_41_00#16#3, true
[2026-09-14 15:41:00.386887] [0x000072d0ef7f86c0] [info]    process_task{ type:RemoveBackup, id:3, path:15_41_00#16#3, object:0, extra:1}
